// Jest Snapshot v1, https://goo.gl/fbAQLP

exports[`icon icon 渲染成功 1`] = `
<svg
  className="rui-icon"
>
  <use
    xlinkHref="#qq"
  />
</svg>
`;

exports[`icon 是个 div 1`] = `
<svg
  className="rui-icon"
>
  <use
    xlinkHref="#qq"
  />
</svg>
`;
